Archive member included to satisfy reference by file (symbol)

libc.a(start.o)               (_start)
libc.a(init.o)                libc.a(start.o) (__init)
libc.a(stdio.o)               libc.a(init.o) (console)
libc.a(console.o)             libc.a(stdio.o) (Console::vprintf(char const*, char*))
libc.a(console_kernel.o)      libc.a(stdio.o) (vtable for Console_kernel)

Merging program properties

Removed property 0xc0000002 to merge pagefault.o (0x3) and libc.a(start.o) (not found)
Removed property 0xc0000002 to merge pagefault.o (not found) and libc.a(init.o) (0x3)
Removed property 0xc0000002 to merge pagefault.o (not found) and libc.a(stdio.o) (0x3)
Removed property 0xc0000002 to merge pagefault.o (not found) and libc.a(console.o) (0x3)
Removed property 0xc0000002 to merge pagefault.o (not found) and libc.a(console_kernel.o) (0x3)

Discarded input sections

 .data          0x0000000000000000        0x0 pagefault.o
 .bss           0x0000000000000000        0x0 pagefault.o
 .note.GNU-stack
                0x0000000000000000        0x0 pagefault.o
 .note.gnu.property
                0x0000000000000000       0x1c pagefault.o
 .eh_frame      0x0000000000000000       0x2c pagefault.o
 .data          0x0000000000000000        0x0 libc.a(start.o)
 .bss           0x0000000000000000        0x0 libc.a(start.o)
 .group         0x0000000000000000        0x8 libc.a(init.o)
 .data          0x0000000000000000        0x0 libc.a(init.o)
 .bss           0x0000000000000000        0x0 libc.a(init.o)
 .note.GNU-stack
                0x0000000000000000        0x0 libc.a(init.o)
 .note.gnu.property
                0x0000000000000000       0x1c libc.a(init.o)
 .eh_frame      0x0000000000000000       0x58 libc.a(init.o)
 .group         0x0000000000000000        0x8 libc.a(stdio.o)
 .group         0x0000000000000000        0x8 libc.a(stdio.o)
 .group         0x0000000000000000        0x8 libc.a(stdio.o)
 .group         0x0000000000000000        0x8 libc.a(stdio.o)
 .data          0x0000000000000000        0x0 libc.a(stdio.o)
 .text.__x86.get_pc_thunk.bx
                0x0000000000000000        0x4 libc.a(stdio.o)
 .note.GNU-stack
                0x0000000000000000        0x0 libc.a(stdio.o)
 .note.gnu.property
                0x0000000000000000       0x1c libc.a(stdio.o)
 .eh_frame      0x0000000000000000      0x11c libc.a(stdio.o)
 .group         0x0000000000000000        0x8 libc.a(console.o)
 .data          0x0000000000000000        0x0 libc.a(console.o)
 .bss           0x0000000000000000        0x0 libc.a(console.o)
 .note.GNU-stack
                0x0000000000000000        0x0 libc.a(console.o)
 .note.gnu.property
                0x0000000000000000       0x1c libc.a(console.o)
 .eh_frame      0x0000000000000000      0x180 libc.a(console.o)
 .group         0x0000000000000000        0xc libc.a(console_kernel.o)
 .data          0x0000000000000000        0x0 libc.a(console_kernel.o)
 .bss           0x0000000000000000        0x0 libc.a(console_kernel.o)
 .note.GNU-stack
                0x0000000000000000        0x0 libc.a(console_kernel.o)
 .note.gnu.property
                0x0000000000000000       0x1c libc.a(console_kernel.o)
 .eh_frame      0x0000000000000000       0x5c libc.a(console_kernel.o)

Memory Configuration

Name             Origin             Length             Attributes
*default*        0x0000000000000000 0xffffffffffffffff

Linker script and memory map

                0x00000000c0000000                stack_top = 0xc0000000
                0x0000000000001000                . = 0x1000
                0x0000000000001074                . = (. + SIZEOF_HEADERS)

.text           0x0000000000001074      0x649
 *(.text*)
 .text          0x0000000000001074       0x14 pagefault.o
                0x0000000000001074                main
 .text          0x0000000000001088       0x11 libc.a(start.o)
                0x0000000000001088                _start
 .text          0x0000000000001099       0x59 libc.a(init.o)
                0x0000000000001099                __init
 .text.__x86.get_pc_thunk.bx
                0x00000000000010f2        0x4 libc.a(init.o)
                0x00000000000010f2                __x86.get_pc_thunk.bx
 .text          0x00000000000010f6       0xef libc.a(stdio.o)
                0x000000000000112d                panic
                0x000000000000115f                printf
                0x00000000000011a6                puts
                0x00000000000011cb                __cxa_pure_virtual
 *fill*         0x00000000000011e5        0x1 
 .text._ZN8Spinlock4lockEv
                0x00000000000011e6       0x1d libc.a(stdio.o)
                0x00000000000011e6                Spinlock::lock()
 .text.__x86.get_pc_thunk.ax
                0x0000000000001203        0x4 libc.a(stdio.o)
                0x0000000000001203                __x86.get_pc_thunk.ax
 .text.__x86.get_pc_thunk.cx
                0x0000000000001207        0x4 libc.a(stdio.o)
                0x0000000000001207                __x86.get_pc_thunk.cx
 *fill*         0x000000000000120b        0x1 
 .text          0x000000000000120c      0x45e libc.a(console.o)
                0x000000000000120c                Console::print_number(unsigned long long, unsigned int, unsigned int, unsigned int)
                0x0000000000001396                Console::vprintf(char const*, char*)
 .text.__x86.get_pc_thunk.si
                0x000000000000166a        0x4 libc.a(console.o)
                0x000000000000166a                __x86.get_pc_thunk.si
 .text          0x000000000000166e       0x4f libc.a(console_kernel.o)
                0x0000000000001686                Console_kernel::putc(int)

.iplt           0x00000000000016bd        0x0
 .iplt          0x00000000000016bd        0x0 pagefault.o

.eh_frame_hdr   0x00000000000016c0        0x0
 .eh_frame_hdr  0x00000000000016c0        0x0 pagefault.o

.rel.dyn        0x00000000000016c0        0x0
 .rel.got       0x00000000000016c0        0x0 pagefault.o
 .rel.iplt      0x00000000000016c0        0x0 pagefault.o
 .rel.text      0x00000000000016c0        0x0 pagefault.o

.init_array     0x00000000000016c0      0x940
                0x00000000000016c0                PROVIDE (CTORS_L = .)
 *(.init_array.65534 .ctors.00001)
                0x00000000000016c0                PROVIDE (CTORS_G = .)
 *(.init_array.* .ctors.*)
 .init_array.00101
                0x00000000000016c0        0x4 libc.a(stdio.o)
 *(.init_array .ctors)
                0x00000000000016c4                PROVIDE (CTORS_E = .)
                0x0000000000002000                . = ALIGN (0x1000)
 *fill*         0x00000000000016c4      0x93c 
                0x0000000000002000                . = ALIGN (0x1000)

.data           0x0000000000002000      0x17c
                0x0000000000002000        0x1 BYTE 0x42
 *(.rodata*)
 .rodata.str1.1
                0x0000000000002001        0x4 libc.a(stdio.o)
 .rodata.str1.1
                0x0000000000002005       0x11 libc.a(console.o)
 *fill*         0x0000000000002016        0x2 
 .rodata        0x0000000000002018      0x158 libc.a(console.o)
 *(.data*)
 .data.rel.ro.local._ZTV14Console_kernel
                0x0000000000002170        0xc libc.a(console_kernel.o)
                0x0000000000002170                vtable for Console_kernel

.got            0x000000000000217c        0x0
 .got           0x000000000000217c        0x0 pagefault.o

.got.plt        0x000000000000217c        0xc
 .got.plt       0x000000000000217c        0xc pagefault.o
                0x000000000000217c                _GLOBAL_OFFSET_TABLE_

.igot.plt       0x0000000000002188        0x0
 .igot.plt      0x0000000000002188        0x0 pagefault.o

.bss            0x00000000000021a0       0x90
 *(.bss*)
 .bss           0x00000000000021a0       0x90 libc.a(stdio.o)
                0x00000000000021a0                printf_lock
                0x00000000000021c0                console
                [!provide]                        PROVIDE (BSS_E = .)

.stab
 *(.stab)

.stabstr
 *(.stabstr)

.stab.excl
 *(.stab.excl)

.stab.exclstr
 *(.stab.exclstr)

.stab.index
 *(.stab.index)

.stab.indexstr
 *(.stab.indexstr)

.comment        0x0000000000000000       0x2a
 *(.comment)
 .comment       0x0000000000000000       0x2a pagefault.o
                                         0x2b (size before relaxing)
 .comment       0x000000000000002a       0x2b libc.a(init.o)
 .comment       0x000000000000002a       0x2b libc.a(stdio.o)
 .comment       0x000000000000002a       0x2b libc.a(console.o)
 .comment       0x000000000000002a       0x2b libc.a(console_kernel.o)

.debug
 *(.debug)

.line
 *(.line)

.debug_srcinfo
 *(.debug_srcinfo)

.debug_sfnames
 *(.debug_sfnames)

.debug_aranges  0x0000000000000000       0xc8
 *(.debug_aranges)
 .debug_aranges
                0x0000000000000000       0x20 pagefault.o
 .debug_aranges
                0x0000000000000020       0x20 libc.a(start.o)
 .debug_aranges
                0x0000000000000040       0x20 libc.a(init.o)
 .debug_aranges
                0x0000000000000060       0x28 libc.a(stdio.o)
 .debug_aranges
                0x0000000000000088       0x20 libc.a(console.o)
 .debug_aranges
                0x00000000000000a8       0x20 libc.a(console_kernel.o)

.debug_pubnames
 *(.debug_pubnames)

.debug_info     0x0000000000000000     0x127a
 *(.debug_info .gnu.linkonce.wi.*)
 .debug_info    0x0000000000000000       0x43 pagefault.o
 .debug_info    0x0000000000000043       0x26 libc.a(start.o)
 .debug_info    0x0000000000000069      0x1d6 libc.a(init.o)
 .debug_info    0x000000000000023f      0x7e6 libc.a(stdio.o)
 .debug_info    0x0000000000000a25      0x515 libc.a(console.o)
 .debug_info    0x0000000000000f3a      0x340 libc.a(console_kernel.o)

.debug_abbrev   0x0000000000000000      0xa0e
 *(.debug_abbrev)
 .debug_abbrev  0x0000000000000000       0x39 pagefault.o
 .debug_abbrev  0x0000000000000039       0x14 libc.a(start.o)
 .debug_abbrev  0x000000000000004d      0x10d libc.a(init.o)
 .debug_abbrev  0x000000000000015a      0x411 libc.a(stdio.o)
 .debug_abbrev  0x000000000000056b      0x290 libc.a(console.o)
 .debug_abbrev  0x00000000000007fb      0x213 libc.a(console_kernel.o)

.debug_line     0x0000000000000000      0x877
 *(.debug_line .debug_line.* .debug_line_end)
 .debug_line    0x0000000000000000       0x4a pagefault.o
 .debug_line    0x000000000000004a       0x3c libc.a(start.o)
 .debug_line    0x0000000000000086      0x102 libc.a(init.o)
 .debug_line    0x0000000000000188      0x1ca libc.a(stdio.o)
 .debug_line    0x0000000000000352      0x429 libc.a(console.o)
 .debug_line    0x000000000000077b       0xfc libc.a(console_kernel.o)

.debug_frame
 *(.debug_frame)

.debug_str      0x0000000000000000      0x7e4
 *(.debug_str)
 .debug_str     0x0000000000000000       0xfe pagefault.o
 .debug_str     0x00000000000000fe       0x18 libc.a(start.o)
                                         0x60 (size before relaxing)
 .debug_str     0x0000000000000116      0x1d9 libc.a(init.o)
                                        0x252 (size before relaxing)
 .debug_str     0x00000000000002ef      0x408 libc.a(stdio.o)
                                        0x5fe (size before relaxing)
 .debug_str     0x00000000000006f7       0x94 libc.a(console.o)
                                        0x351 (size before relaxing)
 .debug_str     0x000000000000078b       0x59 libc.a(console_kernel.o)
                                        0x32c (size before relaxing)

.debug_loc      0x0000000000000000      0x987
 *(.debug_loc)
 .debug_loc     0x0000000000000000       0x5e libc.a(init.o)
 .debug_loc     0x000000000000005e      0x174 libc.a(stdio.o)
 .debug_loc     0x00000000000001d2      0x6a3 libc.a(console.o)
 .debug_loc     0x0000000000000875      0x112 libc.a(console_kernel.o)

.debug_macinfo
 *(.debug_macinfo)

.debug_weaknames
 *(.debug_weaknames)

.debug_funcnames
 *(.debug_funcnames)

.debug_typenames
 *(.debug_typenames)

.debug_varnames
 *(.debug_varnames)

.debug_pubtypes
 *(.debug_pubtypes)

.debug_ranges   0x0000000000000000       0x48
 *(.debug_ranges)
 .debug_ranges  0x0000000000000000       0x30 libc.a(stdio.o)
 .debug_ranges  0x0000000000000030       0x18 libc.a(console.o)

.debug_macro
 *(.debug_macro)

.debug_addr
 *(.debug_addr)

.gnu.attributes
 *(.gnu.attributes)

/DISCARD/
 *(.note.GNU-stack)
 *(.gnu_debuglink)
 *(.gnu.lto_*)
LOAD pagefault.o
LOAD libc.a
OUTPUT(pagefault elf32-i386)
