Archive member included to satisfy reference by file (symbol)

libc.a(console.o)             malloc_tests/malloc-3m3f.o (Console::vprintf(char const*, char*))
libc.a(stdio.o)               malloc_tests/malloc-3m3f.o (printf)
libc.a(start.o)               (_start)
libc.a(init.o)                libc.a(start.o) (__init)
libc.a(mem_alloc.o)           malloc_tests/malloc-3m3f.o (my_free)
libc.a(console_kernel.o)      libc.a(stdio.o) (vtable for Console_kernel)

Merging program properties

Removed property 0xc0000002 to merge libc.a(console.o) (0x3) and malloc_tests/malloc-3m3f.o (not found)
Removed property 0xc0000002 to merge libc.a(console.o) (not found) and libc.a(stdio.o) (0x3)
Removed property 0xc0000002 to merge libc.a(console.o) (not found) and libc.a(init.o) (0x3)
Removed property 0xc0000002 to merge libc.a(console.o) (not found) and libc.a(mem_alloc.o) (0x3)
Removed property 0xc0000002 to merge libc.a(console.o) (not found) and libc.a(console_kernel.o) (0x3)

Discarded input sections

 .group         0x0000000000000000        0x8 malloc_tests/malloc-3m3f.o
 .group         0x0000000000000000        0xc malloc_tests/malloc-3m3f.o
 .group         0x0000000000000000        0xc malloc_tests/malloc-3m3f.o
 .group         0x0000000000000000        0xc malloc_tests/malloc-3m3f.o
 .note.GNU-stack
                0x0000000000000000        0x0 malloc_tests/malloc-3m3f.o
 .eh_frame      0x0000000000000000      0x258 malloc_tests/malloc-3m3f.o
 .group         0x0000000000000000        0x8 libc.a(console.o)
 .data          0x0000000000000000        0x0 libc.a(console.o)
 .bss           0x0000000000000000        0x0 libc.a(console.o)
 .note.GNU-stack
                0x0000000000000000        0x0 libc.a(console.o)
 .note.gnu.property
                0x0000000000000000       0x1c libc.a(console.o)
 .eh_frame      0x0000000000000000      0x180 libc.a(console.o)
 .group         0x0000000000000000        0x8 libc.a(stdio.o)
 .group         0x0000000000000000        0x8 libc.a(stdio.o)
 .group         0x0000000000000000        0x8 libc.a(stdio.o)
 .group         0x0000000000000000        0x8 libc.a(stdio.o)
 .data          0x0000000000000000        0x0 libc.a(stdio.o)
 .note.GNU-stack
                0x0000000000000000        0x0 libc.a(stdio.o)
 .note.gnu.property
                0x0000000000000000       0x1c libc.a(stdio.o)
 .eh_frame      0x0000000000000000      0x11c libc.a(stdio.o)
 .data          0x0000000000000000        0x0 libc.a(start.o)
 .bss           0x0000000000000000        0x0 libc.a(start.o)
 .group         0x0000000000000000        0x8 libc.a(init.o)
 .data          0x0000000000000000        0x0 libc.a(init.o)
 .bss           0x0000000000000000        0x0 libc.a(init.o)
 .text.__x86.get_pc_thunk.bx
                0x0000000000000000        0x4 libc.a(init.o)
 .note.GNU-stack
                0x0000000000000000        0x0 libc.a(init.o)
 .note.gnu.property
                0x0000000000000000       0x1c libc.a(init.o)
 .eh_frame      0x0000000000000000       0x58 libc.a(init.o)
 .group         0x0000000000000000        0x8 libc.a(mem_alloc.o)
 .group         0x0000000000000000        0x8 libc.a(mem_alloc.o)
 .text.__x86.get_pc_thunk.ax
                0x0000000000000000        0x4 libc.a(mem_alloc.o)
 .text.__x86.get_pc_thunk.bx
                0x0000000000000000        0x4 libc.a(mem_alloc.o)
 .note.GNU-stack
                0x0000000000000000        0x0 libc.a(mem_alloc.o)
 .note.gnu.property
                0x0000000000000000       0x1c libc.a(mem_alloc.o)
 .eh_frame      0x0000000000000000      0x100 libc.a(mem_alloc.o)
 .group         0x0000000000000000        0xc libc.a(console_kernel.o)
 .data          0x0000000000000000        0x0 libc.a(console_kernel.o)
 .bss           0x0000000000000000        0x0 libc.a(console_kernel.o)
 .note.GNU-stack
                0x0000000000000000        0x0 libc.a(console_kernel.o)
 .note.gnu.property
                0x0000000000000000       0x1c libc.a(console_kernel.o)
 .eh_frame      0x0000000000000000       0x5c libc.a(console_kernel.o)

Memory Configuration

Name             Origin             Length             Attributes
*default*        0x0000000000000000 0xffffffffffffffff

Linker script and memory map

                0x00000000c0000000                stack_top = 0xc0000000
                0x0000000000001000                . = 0x1000
                0x0000000000001074                . = (. + SIZEOF_HEADERS)

.text           0x0000000000001074      0xc0f
 *(.text*)
 .text          0x0000000000001074      0x381 malloc_tests/malloc-3m3f.o
                0x00000000000010b4                malloc_ret_identifier(int)
                0x00000000000013c7                main
 *fill*         0x00000000000013f5        0x1 
 .text._ZN13ConsoleString4putcEi
                0x00000000000013f6       0x17 malloc_tests/malloc-3m3f.o
                0x00000000000013f6                ConsoleString::putc(int)
 *fill*         0x000000000000140d        0x1 
 .text._ZN13ConsoleString7sprintfEPKcz
                0x000000000000140e       0x29 malloc_tests/malloc-3m3f.o
                0x000000000000140e                ConsoleString::sprintf(char const*, ...)
 *fill*         0x0000000000001437        0x1 
 .text          0x0000000000001438      0x45e libc.a(console.o)
                0x0000000000001438                Console::print_number(unsigned long long, unsigned int, unsigned int, unsigned int)
                0x00000000000015c2                Console::vprintf(char const*, char*)
 .text.__x86.get_pc_thunk.si
                0x0000000000001896        0x4 libc.a(console.o)
                0x0000000000001896                __x86.get_pc_thunk.si
 .text          0x000000000000189a       0xef libc.a(stdio.o)
                0x00000000000018d1                panic
                0x0000000000001903                printf
                0x000000000000194a                puts
                0x000000000000196f                __cxa_pure_virtual
 *fill*         0x0000000000001989        0x1 
 .text._ZN8Spinlock4lockEv
                0x000000000000198a       0x1d libc.a(stdio.o)
                0x000000000000198a                Spinlock::lock()
 .text.__x86.get_pc_thunk.ax
                0x00000000000019a7        0x4 libc.a(stdio.o)
                0x00000000000019a7                __x86.get_pc_thunk.ax
 .text.__x86.get_pc_thunk.cx
                0x00000000000019ab        0x4 libc.a(stdio.o)
                0x00000000000019ab                __x86.get_pc_thunk.cx
 .text.__x86.get_pc_thunk.bx
                0x00000000000019af        0x4 libc.a(stdio.o)
                0x00000000000019af                __x86.get_pc_thunk.bx
 .text          0x00000000000019b3       0x11 libc.a(start.o)
                0x00000000000019b3                _start
 .text          0x00000000000019c4       0x59 libc.a(init.o)
                0x00000000000019c4                __init
 .text          0x0000000000001a1d      0x216 libc.a(mem_alloc.o)
                0x0000000000001a1d                my_free
                0x0000000000001ab6                find_free_space
                0x0000000000001ae7                create_entry
                0x0000000000001b01                my_malloc
 *fill*         0x0000000000001c33        0x1 
 .text          0x0000000000001c34       0x4f libc.a(console_kernel.o)
                0x0000000000001c4c                Console_kernel::putc(int)

.iplt           0x0000000000001c83        0x0
 .iplt          0x0000000000001c83        0x0 malloc_tests/malloc-3m3f.o

.eh_frame_hdr   0x0000000000001c84        0x0
 .eh_frame_hdr  0x0000000000001c84        0x0 malloc_tests/malloc-3m3f.o

.rel.dyn        0x0000000000001c84        0x0
 .rel.got       0x0000000000001c84        0x0 malloc_tests/malloc-3m3f.o
 .rel.iplt      0x0000000000001c84        0x0 malloc_tests/malloc-3m3f.o
 .rel.text      0x0000000000001c84        0x0 malloc_tests/malloc-3m3f.o
 .rel.rodata._ZTV13ConsoleString
                0x0000000000001c84        0x0 malloc_tests/malloc-3m3f.o

.init_array     0x0000000000001c84      0x37c
                0x0000000000001c84                PROVIDE (CTORS_L = .)
 *(.init_array.65534 .ctors.00001)
                0x0000000000001c84                PROVIDE (CTORS_G = .)
 *(.init_array.* .ctors.*)
 .init_array.00101
                0x0000000000001c84        0x4 libc.a(stdio.o)
 *(.init_array .ctors)
                0x0000000000001c88                PROVIDE (CTORS_E = .)
                0x0000000000002000                . = ALIGN (0x1000)
 *fill*         0x0000000000001c88      0x378 
                0x0000000000002000                . = ALIGN (0x1000)

.data           0x0000000000002000      0x3e4
                0x0000000000002000        0x1 BYTE 0x42
 *(.rodata*)
 *fill*         0x0000000000002001        0x3 
 .rodata.str1.4
                0x0000000000002004      0x1ce malloc_tests/malloc-3m3f.o
 .rodata.str1.1
                0x00000000000021d2       0x1d malloc_tests/malloc-3m3f.o
                                         0x1e (size before relaxing)
 *fill*         0x00000000000021ef        0x1 
 .rodata._ZTV7Console
                0x00000000000021f0        0xc malloc_tests/malloc-3m3f.o
                0x00000000000021f0                vtable for Console
 .rodata._ZTV13ConsoleString
                0x00000000000021fc        0xc malloc_tests/malloc-3m3f.o
                0x00000000000021fc                vtable for ConsoleString
 .rodata        0x0000000000002208        0xc malloc_tests/malloc-3m3f.o
 .rodata.str1.1
                0x0000000000002214       0x11 libc.a(console.o)
 *fill*         0x0000000000002225        0x3 
 .rodata        0x0000000000002228      0x158 libc.a(console.o)
 .rodata.str1.1
                0x0000000000002380        0x4 libc.a(stdio.o)
 .rodata.str1.1
                0x0000000000002384       0x16 libc.a(mem_alloc.o)
 *fill*         0x000000000000239a        0x2 
 .rodata.str1.4
                0x000000000000239c       0x21 libc.a(mem_alloc.o)
 *(.data*)
 *fill*         0x00000000000023bd        0x3 
 .data          0x00000000000023c0       0x14 malloc_tests/malloc-3m3f.o
                0x00000000000023d0                cookie
 .data          0x00000000000023d4        0x4 libc.a(mem_alloc.o)
                0x00000000000023d4                allocated_mem
 .data.rel.ro.local._ZTV14Console_kernel
                0x00000000000023d8        0xc libc.a(console_kernel.o)
                0x00000000000023d8                vtable for Console_kernel

.got            0x00000000000023e4        0x0
 .got           0x00000000000023e4        0x0 malloc_tests/malloc-3m3f.o

.got.plt        0x00000000000023e4        0xc
 .got.plt       0x00000000000023e4        0xc malloc_tests/malloc-3m3f.o
                0x00000000000023e4                _GLOBAL_OFFSET_TABLE_

.igot.plt       0x00000000000023f0        0x0
 .igot.plt      0x00000000000023f0        0x0 malloc_tests/malloc-3m3f.o

.bss            0x0000000000002400       0xc0
 *(.bss*)
 .bss           0x0000000000002400       0x1c malloc_tests/malloc-3m3f.o
 *fill*         0x000000000000241c        0x4 
 .bss           0x0000000000002420       0x90 libc.a(stdio.o)
                0x0000000000002420                printf_lock
                0x0000000000002440                console
 .bss           0x00000000000024b0       0x10 libc.a(mem_alloc.o)
                0x00000000000024b0                tail
                0x00000000000024b4                head
                0x00000000000024b8                allocated_blocks
                0x00000000000024bc                break_min
                [!provide]                        PROVIDE (BSS_E = .)

.stab
 *(.stab)

.stabstr
 *(.stabstr)

.stab.excl
 *(.stab.excl)

.stab.exclstr
 *(.stab.exclstr)

.stab.index
 *(.stab.index)

.stab.indexstr
 *(.stab.indexstr)

.comment        0x0000000000000000       0x3c
 *(.comment)
 .comment       0x0000000000000000       0x12 malloc_tests/malloc-3m3f.o
                                         0x13 (size before relaxing)
 .comment       0x0000000000000012       0x2a libc.a(console.o)
                                         0x2b (size before relaxing)
 .comment       0x000000000000003c       0x2b libc.a(stdio.o)
 .comment       0x000000000000003c       0x2b libc.a(init.o)
 .comment       0x000000000000003c       0x2b libc.a(mem_alloc.o)
 .comment       0x000000000000003c       0x2b libc.a(console_kernel.o)

.debug
 *(.debug)

.line
 *(.line)

.debug_srcinfo
 *(.debug_srcinfo)

.debug_sfnames
 *(.debug_sfnames)

.debug_aranges  0x0000000000000000       0xc8
 *(.debug_aranges)
 .debug_aranges
                0x0000000000000000       0x20 libc.a(console.o)
 .debug_aranges
                0x0000000000000020       0x28 libc.a(stdio.o)
 .debug_aranges
                0x0000000000000048       0x20 libc.a(start.o)
 .debug_aranges
                0x0000000000000068       0x20 libc.a(init.o)
 .debug_aranges
                0x0000000000000088       0x20 libc.a(mem_alloc.o)
 .debug_aranges
                0x00000000000000a8       0x20 libc.a(console_kernel.o)

.debug_pubnames
 *(.debug_pubnames)

.debug_info     0x0000000000000000     0x167f
 *(.debug_info .gnu.linkonce.wi.*)
 .debug_info    0x0000000000000000      0x515 libc.a(console.o)
 .debug_info    0x0000000000000515      0x7e6 libc.a(stdio.o)
 .debug_info    0x0000000000000cfb       0x26 libc.a(start.o)
 .debug_info    0x0000000000000d21      0x1d6 libc.a(init.o)
 .debug_info    0x0000000000000ef7      0x448 libc.a(mem_alloc.o)
 .debug_info    0x000000000000133f      0x340 libc.a(console_kernel.o)

.debug_abbrev   0x0000000000000000      0xb5d
 *(.debug_abbrev)
 .debug_abbrev  0x0000000000000000      0x290 libc.a(console.o)
 .debug_abbrev  0x0000000000000290      0x411 libc.a(stdio.o)
 .debug_abbrev  0x00000000000006a1       0x14 libc.a(start.o)
 .debug_abbrev  0x00000000000006b5      0x10d libc.a(init.o)
 .debug_abbrev  0x00000000000007c2      0x188 libc.a(mem_alloc.o)
 .debug_abbrev  0x000000000000094a      0x213 libc.a(console_kernel.o)

.debug_line     0x0000000000000000      0xa97
 *(.debug_line .debug_line.* .debug_line_end)
 .debug_line    0x0000000000000000      0x429 libc.a(console.o)
 .debug_line    0x0000000000000429      0x1ca libc.a(stdio.o)
 .debug_line    0x00000000000005f3       0x3c libc.a(start.o)
 .debug_line    0x000000000000062f      0x102 libc.a(init.o)
 .debug_line    0x0000000000000731      0x26a libc.a(mem_alloc.o)
 .debug_line    0x000000000000099b       0xfc libc.a(console_kernel.o)

.debug_frame
 *(.debug_frame)

.debug_str      0x0000000000000000      0x891
 *(.debug_str)
 .debug_str     0x0000000000000000      0x318 libc.a(console.o)
                                        0x34c (size before relaxing)
 .debug_str     0x0000000000000318      0x316 libc.a(stdio.o)
                                        0x5f9 (size before relaxing)
 .debug_str     0x000000000000062e       0x18 libc.a(start.o)
                                         0x5b (size before relaxing)
 .debug_str     0x0000000000000646       0x8a libc.a(init.o)
                                        0x24d (size before relaxing)
 .debug_str     0x00000000000006d0      0x168 libc.a(mem_alloc.o)
                                        0x204 (size before relaxing)
 .debug_str     0x0000000000000838       0x59 libc.a(console_kernel.o)
                                        0x327 (size before relaxing)

.debug_loc      0x0000000000000000      0xc44
 *(.debug_loc)
 .debug_loc     0x0000000000000000      0x6a3 libc.a(console.o)
 .debug_loc     0x00000000000006a3      0x174 libc.a(stdio.o)
 .debug_loc     0x0000000000000817       0x5e libc.a(init.o)
 .debug_loc     0x0000000000000875      0x2bd libc.a(mem_alloc.o)
 .debug_loc     0x0000000000000b32      0x112 libc.a(console_kernel.o)

.debug_macinfo
 *(.debug_macinfo)

.debug_weaknames
 *(.debug_weaknames)

.debug_funcnames
 *(.debug_funcnames)

.debug_typenames
 *(.debug_typenames)

.debug_varnames
 *(.debug_varnames)

.debug_pubtypes
 *(.debug_pubtypes)

.debug_ranges   0x0000000000000000       0x60
 *(.debug_ranges)
 .debug_ranges  0x0000000000000000       0x18 libc.a(console.o)
 .debug_ranges  0x0000000000000018       0x30 libc.a(stdio.o)
 .debug_ranges  0x0000000000000048       0x18 libc.a(mem_alloc.o)

.debug_macro
 *(.debug_macro)

.debug_addr
 *(.debug_addr)

.gnu.attributes
 *(.gnu.attributes)

/DISCARD/
 *(.note.GNU-stack)
 *(.gnu_debuglink)
 *(.gnu.lto_*)
LOAD malloc_tests/malloc-3m3f.o
LOAD libc.a
OUTPUT(malloc_tests/malloc-3m3f elf32-i386)
