Archive member included to satisfy reference by file (symbol)

libc.a(console.o)             malloc_tests/malloc-overhead.o (Console::vprintf(char const*, char*))
libc.a(stdio.o)               malloc_tests/malloc-overhead.o (printf)
libc.a(start.o)               (_start)
libc.a(init.o)                libc.a(start.o) (__init)
libc.a(mem_alloc.o)           malloc_tests/malloc-overhead.o (my_free)
libc.a(console_kernel.o)      libc.a(stdio.o) (vtable for Console_kernel)

Merging program properties

Removed property 0xc0000002 to merge libc.a(console.o) (0x3) and malloc_tests/malloc-overhead.o (not found)
Removed property 0xc0000002 to merge libc.a(console.o) (not found) and libc.a(stdio.o) (0x3)
Removed property 0xc0000002 to merge libc.a(console.o) (not found) and libc.a(init.o) (0x3)
Removed property 0xc0000002 to merge libc.a(console.o) (not found) and libc.a(mem_alloc.o) (0x3)
Removed property 0xc0000002 to merge libc.a(console.o) (not found) and libc.a(console_kernel.o) (0x3)

Discarded input sections

 .group         0x0000000000000000        0x8 malloc_tests/malloc-overhead.o
 .group         0x0000000000000000        0xc malloc_tests/malloc-overhead.o
 .group         0x0000000000000000        0xc malloc_tests/malloc-overhead.o
 .group         0x0000000000000000        0xc malloc_tests/malloc-overhead.o
 .note.GNU-stack
                0x0000000000000000        0x0 malloc_tests/malloc-overhead.o
 .eh_frame      0x0000000000000000      0x2d4 malloc_tests/malloc-overhead.o
 .group         0x0000000000000000        0x8 libc.a(console.o)
 .data          0x0000000000000000        0x0 libc.a(console.o)
 .bss           0x0000000000000000        0x0 libc.a(console.o)
 .note.GNU-stack
                0x0000000000000000        0x0 libc.a(console.o)
 .note.gnu.property
                0x0000000000000000       0x1c libc.a(console.o)
 .eh_frame      0x0000000000000000      0x180 libc.a(console.o)
 .group         0x0000000000000000        0x8 libc.a(stdio.o)
 .group         0x0000000000000000        0x8 libc.a(stdio.o)
 .group         0x0000000000000000        0x8 libc.a(stdio.o)
 .group         0x0000000000000000        0x8 libc.a(stdio.o)
 .data          0x0000000000000000        0x0 libc.a(stdio.o)
 .note.GNU-stack
                0x0000000000000000        0x0 libc.a(stdio.o)
 .note.gnu.property
                0x0000000000000000       0x1c libc.a(stdio.o)
 .eh_frame      0x0000000000000000      0x11c libc.a(stdio.o)
 .data          0x0000000000000000        0x0 libc.a(start.o)
 .bss           0x0000000000000000        0x0 libc.a(start.o)
 .group         0x0000000000000000        0x8 libc.a(init.o)
 .data          0x0000000000000000        0x0 libc.a(init.o)
 .bss           0x0000000000000000        0x0 libc.a(init.o)
 .text.__x86.get_pc_thunk.bx
                0x0000000000000000        0x4 libc.a(init.o)
 .note.GNU-stack
                0x0000000000000000        0x0 libc.a(init.o)
 .note.gnu.property
                0x0000000000000000       0x1c libc.a(init.o)
 .eh_frame      0x0000000000000000       0x58 libc.a(init.o)
 .group         0x0000000000000000        0x8 libc.a(mem_alloc.o)
 .group         0x0000000000000000        0x8 libc.a(mem_alloc.o)
 .group         0x0000000000000000        0x8 libc.a(mem_alloc.o)
 .text.__x86.get_pc_thunk.ax
                0x0000000000000000        0x4 libc.a(mem_alloc.o)
 .text.__x86.get_pc_thunk.bx
                0x0000000000000000        0x4 libc.a(mem_alloc.o)
 .note.GNU-stack
                0x0000000000000000        0x0 libc.a(mem_alloc.o)
 .note.gnu.property
                0x0000000000000000       0x1c libc.a(mem_alloc.o)
 .eh_frame      0x0000000000000000      0x110 libc.a(mem_alloc.o)
 .group         0x0000000000000000        0xc libc.a(console_kernel.o)
 .data          0x0000000000000000        0x0 libc.a(console_kernel.o)
 .bss           0x0000000000000000        0x0 libc.a(console_kernel.o)
 .note.GNU-stack
                0x0000000000000000        0x0 libc.a(console_kernel.o)
 .note.gnu.property
                0x0000000000000000       0x1c libc.a(console_kernel.o)
 .eh_frame      0x0000000000000000       0x5c libc.a(console_kernel.o)

Memory Configuration

Name             Origin             Length             Attributes
*default*        0x0000000000000000 0xffffffffffffffff

Linker script and memory map

                0x00000000c0000000                stack_top = 0xc0000000
                0x0000000000001000                . = 0x1000
                0x0000000000001074                . = (. + SIZEOF_HEADERS)

.text           0x0000000000001074      0xd17
 *(.text*)
 .text          0x0000000000001074      0x483 malloc_tests/malloc-overhead.o
                0x00000000000010d2                malloc_ret_identifier(int)
                0x00000000000014c9                main
 *fill*         0x00000000000014f7        0x1 
 .text._ZN13ConsoleString4putcEi
                0x00000000000014f8       0x17 malloc_tests/malloc-overhead.o
                0x00000000000014f8                ConsoleString::putc(int)
 *fill*         0x000000000000150f        0x1 
 .text._ZN13ConsoleString7sprintfEPKcz
                0x0000000000001510       0x29 malloc_tests/malloc-overhead.o
                0x0000000000001510                ConsoleString::sprintf(char const*, ...)
 *fill*         0x0000000000001539        0x1 
 .text          0x000000000000153a      0x45e libc.a(console.o)
                0x000000000000153a                Console::print_number(unsigned long long, unsigned int, unsigned int, unsigned int)
                0x00000000000016c4                Console::vprintf(char const*, char*)
 .text.__x86.get_pc_thunk.si
                0x0000000000001998        0x4 libc.a(console.o)
                0x0000000000001998                __x86.get_pc_thunk.si
 .text          0x000000000000199c       0xef libc.a(stdio.o)
                0x00000000000019d3                panic
                0x0000000000001a05                printf
                0x0000000000001a4c                puts
                0x0000000000001a71                __cxa_pure_virtual
 *fill*         0x0000000000001a8b        0x1 
 .text._ZN8Spinlock4lockEv
                0x0000000000001a8c       0x1d libc.a(stdio.o)
                0x0000000000001a8c                Spinlock::lock()
 .text.__x86.get_pc_thunk.ax
                0x0000000000001aa9        0x4 libc.a(stdio.o)
                0x0000000000001aa9                __x86.get_pc_thunk.ax
 .text.__x86.get_pc_thunk.cx
                0x0000000000001aad        0x4 libc.a(stdio.o)
                0x0000000000001aad                __x86.get_pc_thunk.cx
 .text.__x86.get_pc_thunk.bx
                0x0000000000001ab1        0x4 libc.a(stdio.o)
                0x0000000000001ab1                __x86.get_pc_thunk.bx
 .text          0x0000000000001ab5       0x11 libc.a(start.o)
                0x0000000000001ab5                _start
 .text          0x0000000000001ac6       0x59 libc.a(init.o)
                0x0000000000001ac6                __init
 .text          0x0000000000001b1f      0x218 libc.a(mem_alloc.o)
                0x0000000000001b1f                my_free
                0x0000000000001b92                find_free_space
                0x0000000000001bf3                create_entry
                0x0000000000001c0d                my_malloc
 .text.__x86.get_pc_thunk.di
                0x0000000000001d37        0x4 libc.a(mem_alloc.o)
                0x0000000000001d37                __x86.get_pc_thunk.di
 *fill*         0x0000000000001d3b        0x1 
 .text          0x0000000000001d3c       0x4f libc.a(console_kernel.o)
                0x0000000000001d54                Console_kernel::putc(int)

.iplt           0x0000000000001d8b        0x0
 .iplt          0x0000000000001d8b        0x0 malloc_tests/malloc-overhead.o

.eh_frame_hdr   0x0000000000001d8c        0x0
 .eh_frame_hdr  0x0000000000001d8c        0x0 malloc_tests/malloc-overhead.o

.rel.dyn        0x0000000000001d8c        0x0
 .rel.got       0x0000000000001d8c        0x0 malloc_tests/malloc-overhead.o
 .rel.iplt      0x0000000000001d8c        0x0 malloc_tests/malloc-overhead.o
 .rel.text      0x0000000000001d8c        0x0 malloc_tests/malloc-overhead.o
 .rel.rodata._ZTV13ConsoleString
                0x0000000000001d8c        0x0 malloc_tests/malloc-overhead.o

.init_array     0x0000000000001d8c      0x274
                0x0000000000001d8c                PROVIDE (CTORS_L = .)
 *(.init_array.65534 .ctors.00001)
                0x0000000000001d8c                PROVIDE (CTORS_G = .)
 *(.init_array.* .ctors.*)
 .init_array.00101
                0x0000000000001d8c        0x4 libc.a(stdio.o)
 *(.init_array .ctors)
                0x0000000000001d90                PROVIDE (CTORS_E = .)
                0x0000000000002000                . = ALIGN (0x1000)
 *fill*         0x0000000000001d90      0x270 
                0x0000000000002000                . = ALIGN (0x1000)

.data           0x0000000000002000      0x4c0
                0x0000000000002000        0x1 BYTE 0x42
 *(.rodata*)
 *fill*         0x0000000000002001        0x3 
 .rodata.str1.4
                0x0000000000002004      0x2bf malloc_tests/malloc-overhead.o
 .rodata.str1.1
                0x00000000000022c3       0x50 malloc_tests/malloc-overhead.o
                                         0x51 (size before relaxing)
 *fill*         0x0000000000002313        0x1 
 .rodata._ZTV7Console
                0x0000000000002314        0xc malloc_tests/malloc-overhead.o
                0x0000000000002314                vtable for Console
 .rodata._ZTV13ConsoleString
                0x0000000000002320        0xc malloc_tests/malloc-overhead.o
                0x0000000000002320                vtable for ConsoleString
 .rodata.str1.1
                0x000000000000232c       0x11 libc.a(console.o)
 *fill*         0x000000000000233d        0x3 
 .rodata        0x0000000000002340      0x158 libc.a(console.o)
 .rodata.str1.1
                0x0000000000002498        0x4 libc.a(stdio.o)
 *(.data*)
 .data          0x000000000000249c       0x14 malloc_tests/malloc-overhead.o
                0x00000000000024ac                cookie
 .data          0x00000000000024b0        0x4 libc.a(mem_alloc.o)
                0x00000000000024b0                allocated_mem
 .data.rel.ro.local._ZTV14Console_kernel
                0x00000000000024b4        0xc libc.a(console_kernel.o)
                0x00000000000024b4                vtable for Console_kernel

.got            0x00000000000024c0        0x0
 .got           0x00000000000024c0        0x0 malloc_tests/malloc-overhead.o

.got.plt        0x00000000000024c0        0xc
 .got.plt       0x00000000000024c0        0xc malloc_tests/malloc-overhead.o
                0x00000000000024c0                _GLOBAL_OFFSET_TABLE_

.igot.plt       0x00000000000024cc        0x0
 .igot.plt      0x00000000000024cc        0x0 malloc_tests/malloc-overhead.o

.bss            0x00000000000024e0    0x100c0
 *(.bss*)
 .bss           0x00000000000024e0    0x10011 malloc_tests/malloc-overhead.o
 *fill*         0x00000000000124f1        0xf 
 .bss           0x0000000000012500       0x90 libc.a(stdio.o)
                0x0000000000012500                printf_lock
                0x0000000000012520                console
 .bss           0x0000000000012590       0x10 libc.a(mem_alloc.o)
                0x0000000000012590                tail
                0x0000000000012594                head
                0x0000000000012598                allocated_blocks
                0x000000000001259c                break_min
                [!provide]                        PROVIDE (BSS_E = .)

.stab
 *(.stab)

.stabstr
 *(.stabstr)

.stab.excl
 *(.stab.excl)

.stab.exclstr
 *(.stab.exclstr)

.stab.index
 *(.stab.index)

.stab.indexstr
 *(.stab.indexstr)

.comment        0x0000000000000000       0x3c
 *(.comment)
 .comment       0x0000000000000000       0x12 malloc_tests/malloc-overhead.o
                                         0x13 (size before relaxing)
 .comment       0x0000000000000012       0x2a libc.a(console.o)
                                         0x2b (size before relaxing)
 .comment       0x000000000000003c       0x2b libc.a(stdio.o)
 .comment       0x000000000000003c       0x2b libc.a(init.o)
 .comment       0x000000000000003c       0x2b libc.a(mem_alloc.o)
 .comment       0x000000000000003c       0x2b libc.a(console_kernel.o)

.debug
 *(.debug)

.line
 *(.line)

.debug_srcinfo
 *(.debug_srcinfo)

.debug_sfnames
 *(.debug_sfnames)

.debug_aranges  0x0000000000000000       0xc8
 *(.debug_aranges)
 .debug_aranges
                0x0000000000000000       0x20 libc.a(console.o)
 .debug_aranges
                0x0000000000000020       0x28 libc.a(stdio.o)
 .debug_aranges
                0x0000000000000048       0x20 libc.a(start.o)
 .debug_aranges
                0x0000000000000068       0x20 libc.a(init.o)
 .debug_aranges
                0x0000000000000088       0x20 libc.a(mem_alloc.o)
 .debug_aranges
                0x00000000000000a8       0x20 libc.a(console_kernel.o)

.debug_pubnames
 *(.debug_pubnames)

.debug_info     0x0000000000000000     0x166d
 *(.debug_info .gnu.linkonce.wi.*)
 .debug_info    0x0000000000000000      0x515 libc.a(console.o)
 .debug_info    0x0000000000000515      0x7e6 libc.a(stdio.o)
 .debug_info    0x0000000000000cfb       0x26 libc.a(start.o)
 .debug_info    0x0000000000000d21      0x1d6 libc.a(init.o)
 .debug_info    0x0000000000000ef7      0x436 libc.a(mem_alloc.o)
 .debug_info    0x000000000000132d      0x340 libc.a(console_kernel.o)

.debug_abbrev   0x0000000000000000      0xb5d
 *(.debug_abbrev)
 .debug_abbrev  0x0000000000000000      0x290 libc.a(console.o)
 .debug_abbrev  0x0000000000000290      0x411 libc.a(stdio.o)
 .debug_abbrev  0x00000000000006a1       0x14 libc.a(start.o)
 .debug_abbrev  0x00000000000006b5      0x10d libc.a(init.o)
 .debug_abbrev  0x00000000000007c2      0x188 libc.a(mem_alloc.o)
 .debug_abbrev  0x000000000000094a      0x213 libc.a(console_kernel.o)

.debug_line     0x0000000000000000      0xab1
 *(.debug_line .debug_line.* .debug_line_end)
 .debug_line    0x0000000000000000      0x429 libc.a(console.o)
 .debug_line    0x0000000000000429      0x1ca libc.a(stdio.o)
 .debug_line    0x00000000000005f3       0x3c libc.a(start.o)
 .debug_line    0x000000000000062f      0x102 libc.a(init.o)
 .debug_line    0x0000000000000731      0x284 libc.a(mem_alloc.o)
 .debug_line    0x00000000000009b5       0xfc libc.a(console_kernel.o)

.debug_frame
 *(.debug_frame)

.debug_str      0x0000000000000000      0x896
 *(.debug_str)
 .debug_str     0x0000000000000000      0x318 libc.a(console.o)
                                        0x34c (size before relaxing)
 .debug_str     0x0000000000000318      0x316 libc.a(stdio.o)
                                        0x5f9 (size before relaxing)
 .debug_str     0x000000000000062e       0x18 libc.a(start.o)
                                         0x5b (size before relaxing)
 .debug_str     0x0000000000000646       0x8a libc.a(init.o)
                                        0x24d (size before relaxing)
 .debug_str     0x00000000000006d0      0x16d libc.a(mem_alloc.o)
                                        0x202 (size before relaxing)
 .debug_str     0x000000000000083d       0x59 libc.a(console_kernel.o)
                                        0x327 (size before relaxing)

.debug_loc      0x0000000000000000      0xcd3
 *(.debug_loc)
 .debug_loc     0x0000000000000000      0x6a3 libc.a(console.o)
 .debug_loc     0x00000000000006a3      0x174 libc.a(stdio.o)
 .debug_loc     0x0000000000000817       0x5e libc.a(init.o)
 .debug_loc     0x0000000000000875      0x34c libc.a(mem_alloc.o)
 .debug_loc     0x0000000000000bc1      0x112 libc.a(console_kernel.o)

.debug_macinfo
 *(.debug_macinfo)

.debug_weaknames
 *(.debug_weaknames)

.debug_funcnames
 *(.debug_funcnames)

.debug_typenames
 *(.debug_typenames)

.debug_varnames
 *(.debug_varnames)

.debug_pubtypes
 *(.debug_pubtypes)

.debug_ranges   0x0000000000000000       0x60
 *(.debug_ranges)
 .debug_ranges  0x0000000000000000       0x18 libc.a(console.o)
 .debug_ranges  0x0000000000000018       0x30 libc.a(stdio.o)
 .debug_ranges  0x0000000000000048       0x18 libc.a(mem_alloc.o)

.debug_macro
 *(.debug_macro)

.debug_addr
 *(.debug_addr)

.gnu.attributes
 *(.gnu.attributes)

/DISCARD/
 *(.note.GNU-stack)
 *(.gnu_debuglink)
 *(.gnu.lto_*)
LOAD malloc_tests/malloc-overhead.o
LOAD libc.a
OUTPUT(malloc_tests/malloc-overhead elf32-i386)
